// Jest Snapshot v1, https://goo.gl/fbAQLP

exports[`<Button /> renders correctly 1`] = `
<View
  accessible={true}
  collapsable={false}
  focusable={false}
  onClick={[Function]}
  onResponderGrant={[Function]}
  onResponderMove={[Function]}
  onResponderRelease={[Function]}
  onResponderTerminate={[Function]}
  onResponderTerminationRequest={[Function]}
  onStartShouldSetResponder={[Function]}
  style={
    Object {
      "alignItems": "center",
      "backgroundColor": "#6A0DFB",
      "borderRadius": 100,
      "flexDirection": "row",
      "height": 48,
      "justifyContent": "center",
      "marginBottom": 12,
      "marginTop": 12,
      "opacity": 1,
      "width": "100%",
    }
  }
>
  <Text
    style={
      Array [
        Object {
          "color": "#FFFFFF",
          "fontSize": 18,
          "fontWeight": "bold",
          "lineHeight": 21.7,
        },
      ]
    }
  />
</View>
`;
